[techzaa.in/techmin/layouts/index.html]
[backblue.gif]
[fade.gif]
[index.html]
[techzaa.in/techmin/layouts/assets/images/favicon.ico]
[techzaa.in/techmin/layouts/assets/vendor/daterangepicker/daterangepicker.css]
[techzaa.in/techmin/layouts/assets/vendor/admin-resources/jquery.vectormap/jquery-jvectormap-1.2.2.css]
[techzaa.in/techmin/layouts/assets/js/config.js]
[techzaa.in/techmin/layouts/assets/css/app.min.css]
[techzaa.in/techmin/layouts/assets/css/icons.min.css]
[techzaa.in/techmin/layouts/assets/images/logo.png]
[techzaa.in/techmin/layouts/assets/images/logo-sm.png]
[techzaa.in/techmin/layouts/assets/images/logo-dark.png]
[techzaa.in/techmin/layouts/assets/images/flags/us.jpg]
[techzaa.in/techmin/layouts/assets/images/flags/germany.jpg]
[techzaa.in/techmin/layouts/assets/images/flags/italy.jpg]
[techzaa.in/techmin/layouts/assets/images/flags/spain.jpg]
[techzaa.in/techmin/layouts/assets/images/flags/russia.jpg]
[techzaa.in/techmin/layouts/assets/images/users/avatar-1.jpg]
[techzaa.in/techmin/layouts/assets/images/users/avatar-2.jpg]
[techzaa.in/techmin/layouts/assets/images/users/avatar-3.jpg]
[techzaa.in/techmin/layouts/assets/images/users/avatar-4.jpg]
[techzaa.in/techmin/layouts/assets/images/users/avatar-5.jpg]
[techzaa.in/techmin/layouts/pages-profile.html]
[techzaa.in/techmin/layouts/pages-faq.html]
[techzaa.in/techmin/layouts/auth-lock-screen.html]
[techzaa.in/techmin/layouts/auth-logout.html]
[techzaa.in/techmin/layouts/apps-calendar.html]
[techzaa.in/techmin/layouts/apps-kanban-board.html]
[techzaa.in/techmin/layouts/apps-invoice-report.html]
[techzaa.in/techmin/layouts/apps-invoice.html]
[techzaa.in/techmin/layouts/pages-starter.html]
[techzaa.in/techmin/layouts/pages-contact-list.html]
[techzaa.in/techmin/layouts/pages-timeline.html]
[techzaa.in/techmin/layouts/pages-pricing.html]
[techzaa.in/techmin/layouts/pages-maintenance.html]
[techzaa.in/techmin/layouts/error-404.html]
[techzaa.in/techmin/layouts/error-404-alt.html]
[techzaa.in/techmin/layouts/error-500.html]
[techzaa.in/techmin/layouts/auth-login.html]
[techzaa.in/techmin/layouts/auth-register.html]
[techzaa.in/techmin/layouts/auth-forgotpw.html]
[techzaa.in/techmin/layouts/layouts-light-sidebar.html]
[techzaa.in/techmin/layouts/layouts-sm-sidebar.html]
[techzaa.in/techmin/layouts/layouts-collapsed-sidebar.html]
[techzaa.in/techmin/layouts/layouts-unsticky-layout.html]
[techzaa.in/techmin/layouts/layouts-boxed.html]
[techzaa.in/techmin/layouts/ui-accordions.html]
[techzaa.in/techmin/layouts/ui-alerts.html]
[techzaa.in/techmin/layouts/ui-avatars.html]
[techzaa.in/techmin/layouts/ui-buttons.html]
[techzaa.in/techmin/layouts/ui-button-group.html]
[techzaa.in/techmin/layouts/ui-badges.html]
[techzaa.in/techmin/layouts/ui-breadcrumb.html]
[techzaa.in/techmin/layouts/ui-cards.html]
[techzaa.in/techmin/layouts/ui-carousel.html]
[techzaa.in/techmin/layouts/ui-collapse.html]
[techzaa.in/techmin/layouts/ui-close-button.html]
[techzaa.in/techmin/layouts/ui-dropdowns.html]
[techzaa.in/techmin/layouts/ui-embed-video.html]
[techzaa.in/techmin/layouts/ui-grid.html]
[techzaa.in/techmin/layouts/ui-links.html]
[techzaa.in/techmin/layouts/ui-list-group.html]
[techzaa.in/techmin/layouts/ui-modals.html]
[techzaa.in/techmin/layouts/ui-navbar.html]
[techzaa.in/techmin/layouts/ui-offcanvas.html]
[techzaa.in/techmin/layouts/ui-placeholders.html]
[techzaa.in/techmin/layouts/ui-pagination.html]
[techzaa.in/techmin/layouts/ui-popovers.html]
[techzaa.in/techmin/layouts/ui-progress.html]
[techzaa.in/techmin/layouts/ui-scrollspy.html]
[techzaa.in/techmin/layouts/ui-spinners.html]
[techzaa.in/techmin/layouts/ui-toasts.html]
[techzaa.in/techmin/layouts/ui-tabs.html]
[techzaa.in/techmin/layouts/ui-tooltips.html]
[techzaa.in/techmin/layouts/ui-typography.html]
[techzaa.in/techmin/layouts/ui-utilities.html]
[techzaa.in/techmin/layouts/extended-portlets.html]
[techzaa.in/techmin/layouts/extended-scrollbar.html]
[techzaa.in/techmin/layouts/extended-range-slider.html]
[techzaa.in/techmin/layouts/icons-lucide.html]
[techzaa.in/techmin/layouts/icons-remixicons.html]
[techzaa.in/techmin/layouts/icons-bootstrap.html]
[techzaa.in/techmin/layouts/icons-mdi.html]
[techzaa.in/techmin/layouts/charts-apex.html]
[techzaa.in/techmin/layouts/charts-chartjs.html]
[techzaa.in/techmin/layouts/charts-sparklines.html]
[techzaa.in/techmin/layouts/form-elements.html]
[techzaa.in/techmin/layouts/form-advanced.html]
[techzaa.in/techmin/layouts/form-validation.html]
[techzaa.in/techmin/layouts/form-wizard.html]
[techzaa.in/techmin/layouts/form-fileuploads.html]
[techzaa.in/techmin/layouts/form-editors.html]
[techzaa.in/techmin/layouts/form-image-crop.html]
[techzaa.in/techmin/layouts/form-x-editable.html]
[techzaa.in/techmin/layouts/tables-basic.html]
[techzaa.in/techmin/layouts/tables-datatable.html]
[techzaa.in/techmin/layouts/tables-editable.html]
[techzaa.in/techmin/layouts/tables-responsive.html]
[techzaa.in/techmin/layouts/maps-google.html]
[techzaa.in/techmin/layouts/maps-vector.html]
[techzaa.in/techmin/layouts/assets/images/users/avatar-9.jpg]
[techzaa.in/techmin/layouts/assets/images/users/avatar-6.jpg]
[techzaa.in/techmin/layouts/assets/images/users/avatar-11.jpg]
[techzaa.in/techmin/layouts/assets/images/users/avatar-7.jpg]
[techzaa.in/techmin/layouts/assets/js/vendor.min.js]
[techzaa.in/techmin/layouts/assets/vendor/apexcharts/apexcharts.min.js]
[techzaa.in/techmin/layouts/assets/vendor/lucide/umd/lucide.min.js]
[techzaa.in/techmin/layouts/assets/vendor/admin-resources/jquery.vectormap/jquery-jvectormap-1.2.2.min.js]
[techzaa.in/techmin/layouts/assets/vendor/admin-resources/jquery.vectormap/maps/jquery-jvectormap-world-mill-en.js]
[techzaa.in/techmin/layouts/assets/js/pages/dashboard.js]
[techzaa.in/techmin/layouts/assets/js/app.min.js]
[techzaa.in/techmin/layouts/index.html]
[techzaa.in/techmin/layouts/assets/vendor/daterangepicker/daterangepicker.css]
[techzaa.in/techmin/layouts/assets/vendor/admin-resources/jquery.vectormap/jquery-jvectormap-1.2.2.css]
[techzaa.in/techmin/layouts/assets/images/auth-bg.jpg]
[techzaa.in/techmin/layouts/assets/images/auth-bg-dark.jpg]
[techzaa.in/techmin/layouts/assets/css/app.min.css]
[techzaa.in/techmin/layouts/assets/fonts/remixicon972e.eot]
[techzaa.in/techmin/layouts/assets/fonts/remixicon972e.woff2]
[techzaa.in/techmin/layouts/assets/fonts/remixicon972e.woff]
[techzaa.in/techmin/layouts/assets/fonts/remixicon972e.ttf]
[techzaa.in/techmin/layouts/assets/fonts/bootstrap-iconse52a.woff2]
[techzaa.in/techmin/layouts/assets/fonts/bootstrap-iconse52a.woff]
[techzaa.in/techmin/layouts/assets/fonts/materialdesignicons-webfont9445.eot]
[techzaa.in/techmin/layouts/assets/fonts/materialdesignicons-webfontd41d.eot]
[techzaa.in/techmin/layouts/assets/fonts/materialdesignicons-webfont9445.woff2]
[techzaa.in/techmin/layouts/assets/fonts/materialdesignicons-webfont9445.woff]
[techzaa.in/techmin/layouts/assets/fonts/materialdesignicons-webfont9445.ttf]
[techzaa.in/techmin/layouts/assets/css/icons.min.css]
[techzaa.in/techmin/layouts/assets/images/bg-profile.jpg]
[techzaa.in/techmin/layouts/assets/images/small/small-3.jpg]
[techzaa.in/techmin/layouts/assets/images/small/small-4.jpg]
[techzaa.in/techmin/layouts/assets/images/small/small-2.jpg]
[techzaa.in/techmin/layouts/assets/images/small/small-1.jpg]
[techzaa.in/techmin/layouts/assets/js/pages/profile.init.js]
[techzaa.in/techmin/layouts/pages-profile.html]
[techzaa.in/techmin/layouts/pages-faq.html]
[techzaa.in/techmin/layouts/assets/vendor/chart.js/chart.min.js]
[techzaa.in/techmin/layouts/assets/images/auth-img.jpg]
[techzaa.in/techmin/layouts/auth-lock-screen.html]
[techzaa.in/techmin/layouts/auth-logout.html]
[techzaa.in/techmin/layouts/assets/vendor/fullcalendar/main.min.css]
[techzaa.in/techmin/layouts/assets/vendor/fullcalendar/main.min.js]
[techzaa.in/techmin/layouts/assets/js/pages/calendar.init.js]
[techzaa.in/techmin/layouts/apps-calendar.html]
[techzaa.in/techmin/layouts/assets/images/users/avatar-12.jpg]
[techzaa.in/techmin/layouts/assets/images/users/avatar-10.jpg]
[techzaa.in/techmin/layouts/assets/images/users/avatar-8.jpg]
[techzaa.in/techmin/layouts/assets/images/animation-bg.jpg]
[techzaa.in/techmin/layouts/assets/vendor/dragula/dragula.min.js]
[techzaa.in/techmin/layouts/assets/js/pages/component.dragula.js]
[techzaa.in/techmin/layouts/apps-kanban-board.html]
[techzaa.in/techmin/layouts/assets/images/brands/Facebook-logo.png]
[techzaa.in/techmin/layouts/assets/images/brands/twitter.png]
[techzaa.in/techmin/layouts/assets/images/brands/pinterest.png]
[techzaa.in/techmin/layouts/assets/images/brands/dribbble.png]
[techzaa.in/techmin/layouts/assets/images/brands/email.png]
[techzaa.in/techmin/layouts/apps-invoice-report.html]
[techzaa.in/techmin/layouts/apps-invoice.html]
[techzaa.in/techmin/layouts/pages-starter.html]
[techzaa.in/techmin/layouts/assets/images/small/small-5.jpg]
[techzaa.in/techmin/layouts/assets/images/small/small-6.jpg]
[techzaa.in/techmin/layouts/pages-contact-list.html]
[techzaa.in/techmin/layouts/pages-timeline.html]
[techzaa.in/techmin/layouts/pages-pricing.html]
[techzaa.in/techmin/layouts/assets/images/svg/under_maintenance.png]
[techzaa.in/techmin/layouts/pages-maintenance.html]
[techzaa.in/techmin/layouts/error-404.html]
[techzaa.in/techmin/layouts/error-404-alt.html]
[techzaa.in/techmin/layouts/error-500.html]
[techzaa.in/techmin/layouts/auth-login.html]
[techzaa.in/techmin/layouts/auth-register.html]
[techzaa.in/techmin/layouts/auth-forgotpw.html]
[techzaa.in/techmin/layouts/layouts-light-sidebar.html]
[techzaa.in/techmin/layouts/layouts-sm-sidebar.html]
[techzaa.in/techmin/layouts/layouts-collapsed-sidebar.html]
[techzaa.in/techmin/layouts/layouts-unsticky-layout.html]
[techzaa.in/techmin/layouts/layouts-boxed.html]
[techzaa.in/techmin/layouts/ui-accordions.html]
[techzaa.in/techmin/layouts/ui-alerts.html]
[techzaa.in/techmin/layouts/ui-avatars.html]
[techzaa.in/techmin/layouts/ui-buttons.html]
[techzaa.in/techmin/layouts/ui-button-group.html]
[techzaa.in/techmin/layouts/ui-badges.html]
[techzaa.in/techmin/layouts/ui-breadcrumb.html]
[techzaa.in/techmin/layouts/ui-cards.html]
[techzaa.in/techmin/layouts/assets/images/small/small-7.jpg]
[techzaa.in/techmin/layouts/ui-carousel.html]
[techzaa.in/techmin/layouts/ui-collapse.html]
[techzaa.in/techmin/layouts/assets/vendor/jquery-toast-plugin/jquery.toast.min.css]
[techzaa.in/techmin/layouts/assets/vendor/jquery-toast-plugin/jquery.toast.min.js]
[techzaa.in/techmin/layouts/assets/js/pages/toastr.init.js]
[techzaa.in/techmin/layouts/ui-close-button.html]
[techzaa.in/techmin/layouts/ui-dropdowns.html]
[techzaa.in/techmin/layouts/ui-embed-video.html]
[techzaa.in/techmin/layouts/ui-grid.html]
[techzaa.in/techmin/layouts/ui-links.html]
[techzaa.in/techmin/layouts/ui-list-group.html]
[techzaa.in/techmin/layouts/ui-modals.html]
[techzaa.in/techmin/layouts/ui-navbar.html]
[techzaa.in/techmin/layouts/ui-offcanvas.html]
[techzaa.in/techmin/layouts/ui-placeholders.html]
[techzaa.in/techmin/layouts/ui-pagination.html]
[techzaa.in/techmin/layouts/ui-popovers.html]
[techzaa.in/techmin/layouts/ui-progress.html]
[techzaa.in/techmin/layouts/ui-scrollspy.html]
[techzaa.in/techmin/layouts/ui-spinners.html]
[techzaa.in/techmin/layouts/ui-toasts.html]
[techzaa.in/techmin/layouts/ui-tabs.html]
[techzaa.in/techmin/layouts/ui-tooltips.html]
[techzaa.in/techmin/layouts/ui-typography.html]
[techzaa.in/techmin/layouts/ui-utilities.html]
[techzaa.in/techmin/layouts/extended-portlets.html]
[techzaa.in/techmin/layouts/extended-scrollbar.html]
[techzaa.in/techmin/layouts/assets/vendor/ion-rangeslider/js/ion.rangeSlider.min.js]
[techzaa.in/techmin/layouts/assets/js/pages/range-slider.init.js]
[techzaa.in/techmin/layouts/extended-range-slider.html]
[techzaa.in/techmin/layouts/assets/js/pages/icons-lucide.init.js]
[techzaa.in/techmin/layouts/icons-lucide.html]
[techzaa.in/techmin/layouts/icons-remixicons.html]
[techzaa.in/techmin/layouts/assets/js/pages/icons-remix.init.js]
[techzaa.in/techmin/layouts/assets/js/pages/icons-bootstrap.init.js]
[techzaa.in/techmin/layouts/icons-bootstrap.html]
[techzaa.in/techmin/layouts/icons-mdi.html]
[techzaa.in/techmin/layouts/assets/js/pages/icons-mdi.init.js]
[techzaa.in/techmin/layouts/assets/vendor/daterangepicker/moment.min.js]
[apexcharts.com/samples/assets/stock-prices.js]
[apexcharts.com/samples/assets/github-data.js]
[apexcharts.com/samples/assets/irregular-data-series.js]
[apexcharts.com/samples/assets/ohlc.js]
[cdnjs.cloudflare.com/ajax/libs/dayjs/1.8.17/dayjs.min.js]
[techzaa.in/techmin/layouts/assets/js/pages/apex.init.js]
[techzaa.in/techmin/layouts/charts-apex.html]
[techzaa.in/techmin/layouts/assets/js/pages/chartjs-area.init.js]
[techzaa.in/techmin/layouts/assets/js/pages/chartjs-bar.init.js]
[techzaa.in/techmin/layouts/assets/js/pages/chartjs-line.init.js]
[techzaa.in/techmin/layouts/assets/js/pages/chartjs-other.init.js]
[techzaa.in/techmin/layouts/charts-chartjs.html]
[techzaa.in/techmin/layouts/assets/vendor/jquery-sparkline/jquery.sparkline.min.js]
[techzaa.in/techmin/layouts/assets/js/pages/sparkline.init.js]
[techzaa.in/techmin/layouts/charts-sparklines.html]
[techzaa.in/techmin/layouts/form-elements.html]
[techzaa.in/techmin/layouts/assets/vendor/select2/css/select2.min.css]
[techzaa.in/techmin/layouts/assets/vendor/bootstrap-touchspin/jquery.bootstrap-touchspin.min.css]
[techzaa.in/techmin/layouts/assets/vendor/bootstrap-datepicker/css/bootstrap-datepicker.min.css]
[techzaa.in/techmin/layouts/assets/vendor/bootstrap-timepicker/css/bootstrap-timepicker.min.css]
[techzaa.in/techmin/layouts/assets/vendor/flatpickr/flatpickr.min.css]
[techzaa.in/techmin/layouts/assets/vendor/select2/js/select2.min.js]
[techzaa.in/techmin/layouts/assets/vendor/daterangepicker/daterangepicker.js]
[techzaa.in/techmin/layouts/assets/vendor/bootstrap-datepicker/js/bootstrap-datepicker.min.js]
[techzaa.in/techmin/layouts/assets/vendor/bootstrap-timepicker/js/bootstrap-timepicker.min.js]
[techzaa.in/techmin/layouts/assets/vendor/jquery-mask-plugin/jquery.mask.min.js]
[techzaa.in/techmin/layouts/assets/vendor/bootstrap-touchspin/jquery.bootstrap-touchspin.min.js]
[techzaa.in/techmin/layouts/assets/vendor/bootstrap-maxlength/bootstrap-maxlength.min.js]
[techzaa.in/techmin/layouts/assets/vendor/handlebars/handlebars.min.js]
[techzaa.in/techmin/layouts/assets/vendor/typeahead.js/typeahead.bundle.min.js]
[techzaa.in/techmin/layouts/assets/vendor/flatpickr/flatpickr.min.js]
[techzaa.in/techmin/layouts/assets/js/pages/typehead.init.js]
[techzaa.in/techmin/layouts/assets/js/pages/timepicker.init.js]
[techzaa.in/techmin/layouts/form-advanced.html]
[techzaa.in/techmin/layouts/form-validation.html]
[techzaa.in/techmin/layouts/assets/vendor/twitter-bootstrap-wizard/jquery.bootstrap.wizard.min.js]
[techzaa.in/techmin/layouts/assets/js/pages/form-wizard.init.js]
[techzaa.in/techmin/layouts/form-wizard.html]
[techzaa.in/techmin/layouts/assets/vendor/dropzone/min/dropzone.min.js]
[techzaa.in/techmin/layouts/assets/js/pages/fileupload.init.js]
[techzaa.in/techmin/layouts/form-fileuploads.html]
[techzaa.in/techmin/layouts/assets/vendor/quill/quill.core.css]
[techzaa.in/techmin/layouts/assets/vendor/quill/quill.snow.css]
[techzaa.in/techmin/layouts/assets/vendor/quill/quill.bubble.css]
[techzaa.in/techmin/layouts/assets/vendor/quill/quill.min.js]
[techzaa.in/techmin/layouts/assets/js/pages/quilljs.init.js]
[techzaa.in/techmin/layouts/form-editors.html]
[techzaa.in/techmin/layouts/assets/vendor/cropper/cropper.min.css]
[techzaa.in/techmin/layouts/assets/vendor/cropper/cropper.min.js]
[techzaa.in/techmin/layouts/assets/js/pages/form-imagecrop.init.js]
[techzaa.in/techmin/layouts/form-image-crop.html]
[techzaa.in/techmin/layouts/assets/vendor/moment/min/moment.min.js]
[techzaa.in/techmin/layouts/assets/vendor/x-editable/bootstrap-editable/js/bootstrap-editable.min.js]
[techzaa.in/techmin/layouts/assets/js/pages/form-xeditable.init.js]
[techzaa.in/techmin/layouts/form-x-editable.html]
[techzaa.in/techmin/layouts/tables-basic.html]
[techzaa.in/techmin/layouts/assets/vendor/datatables.net-bs5/css/dataTables.bootstrap5.min.css]
[techzaa.in/techmin/layouts/assets/vendor/datatables.net-responsive-bs5/css/responsive.bootstrap5.min.css]
[techzaa.in/techmin/layouts/assets/vendor/datatables.net-fixedcolumns-bs5/css/fixedColumns.bootstrap5.min.css]
[techzaa.in/techmin/layouts/assets/vendor/datatables.net-fixedheader-bs5/css/fixedHeader.bootstrap5.min.css]
[techzaa.in/techmin/layouts/assets/vendor/datatables.net-buttons-bs5/css/buttons.bootstrap5.min.css]
[techzaa.in/techmin/layouts/assets/vendor/datatables.net-select-bs5/css/select.bootstrap5.min.css]
[techzaa.in/techmin/layouts/assets/vendor/datatables.net/js/jquery.dataTables.min.js]
[techzaa.in/techmin/layouts/assets/vendor/datatables.net-bs5/js/dataTables.bootstrap5.min.js]
[techzaa.in/techmin/layouts/assets/vendor/datatables.net-responsive/js/dataTables.responsive.min.js]
[techzaa.in/techmin/layouts/assets/vendor/datatables.net-responsive-bs5/js/responsive.bootstrap5.min.js]
[techzaa.in/techmin/layouts/assets/vendor/datatables.net-fixedcolumns-bs5/js/fixedColumns.bootstrap5.min.js]
[techzaa.in/techmin/layouts/assets/vendor/datatables.net-fixedheader/js/dataTables.fixedHeader.min.js]
[techzaa.in/techmin/layouts/assets/vendor/datatables.net-buttons/js/dataTables.buttons.min.js]
[techzaa.in/techmin/layouts/assets/vendor/datatables.net-buttons-bs5/js/buttons.bootstrap5.min.js]
[techzaa.in/techmin/layouts/assets/vendor/datatables.net-buttons/js/buttons.html5.min.js]
[techzaa.in/techmin/layouts/assets/vendor/datatables.net-buttons/js/buttons.flash.min.js]
[techzaa.in/techmin/layouts/assets/vendor/datatables.net-buttons/js/buttons.print.min.js]
[techzaa.in/techmin/layouts/assets/vendor/datatables.net-keytable/js/dataTables.keyTable.min.js]
[techzaa.in/techmin/layouts/assets/vendor/datatables.net-select/js/dataTables.select.min.js]
[techzaa.in/techmin/layouts/assets/js/pages/datatable.init.js]
[techzaa.in/techmin/layouts/tables-datatable.html]
[techzaa.in/techmin/layouts/assets/vendor/jquery-tabledit/jquery.tabledit.min.js]
[techzaa.in/techmin/layouts/assets/js/pages/tabledit.init.js]
[techzaa.in/techmin/layouts/tables-editable.html]
[techzaa.in/techmin/layouts/assets/js/pages/responsive-table.init.js]
[techzaa.in/techmin/layouts/tables-responsive.html]
[techzaa.in/techmin/layouts/assets/vendor/gmaps/gmaps.min.js]
[techzaa.in/techmin/layouts/assets/js/pages/google-maps.init.js]
[techzaa.in/techmin/layouts/maps-google.html]
[techzaa.in/techmin/layouts/assets/vendor/admin-resources/jquery.vectormap/maps/jquery-jvectormap-us-merc-en.js]
[techzaa.in/techmin/layouts/assets/vendor/admin-resources/jquery.vectormap/maps/jquery-jvectormap-in-mill-en.js]
[techzaa.in/techmin/layouts/assets/vendor/admin-resources/jquery.vectormap/maps/jquery-jvectormap-au-mill-en.js]
[techzaa.in/techmin/layouts/assets/vendor/admin-resources/jquery.vectormap/maps/jquery-jvectormap-us-il-chicago-mill-en.js]
[techzaa.in/techmin/layouts/assets/vendor/admin-resources/jquery.vectormap/maps/jquery-jvectormap-uk-mill-en.js]
[techzaa.in/techmin/layouts/assets/vendor/admin-resources/jquery.vectormap/maps/jquery-jvectormap-ca-lcc-en.js]
[techzaa.in/techmin/layouts/assets/vendor/admin-resources/jquery.vectormap/maps/jquery-jvectormap-europe-mill-en.js]
[techzaa.in/techmin/layouts/assets/vendor/admin-resources/jquery.vectormap/maps/jquery-jvectormap-fr-merc-en.js]
[techzaa.in/techmin/layouts/assets/vendor/admin-resources/jquery.vectormap/maps/jquery-jvectormap-es-merc.js]
[techzaa.in/techmin/layouts/assets/vendor/admin-resources/jquery.vectormap/maps/jquery-jvectormap-es-mill.js]
[techzaa.in/techmin/layouts/assets/js/pages/vector-maps.init.js]
[techzaa.in/techmin/layouts/maps-vector.html]
[techzaa.in/techmin/layouts/assets/fonts/remixicon972e.svg]
[techzaa.in/techmin/layouts/assets/images/svg/logout.svg]
[techzaa.in/techmin/layouts/assets/vendor/fullcalendar/main.min.css]
[techzaa.in/techmin/layouts/assets/images/brands/website.html]
[techzaa.in/techmin/layouts/assets/images/svg/404.svg]
[techzaa.in/techmin/layouts/assets/images/svg/500.svg]
[techzaa.in/techmin/layouts/assets/vendor/jquery-toast-plugin/jquery.toast.min.css]
[apexcharts.com/samples/assets/series1000.js]
[techzaa.in/techmin/layouts/assets/vendor/select2/css/select2.min.css]
[techzaa.in/techmin/layouts/assets/vendor/bootstrap-touchspin/jquery.bootstrap-touchspin.min.css]
[techzaa.in/techmin/layouts/assets/vendor/bootstrap-datepicker/css/bootstrap-datepicker.min.css]
[techzaa.in/techmin/layouts/assets/vendor/bootstrap-timepicker/css/bootstrap-timepicker.min.css]
[techzaa.in/techmin/layouts/assets/vendor/flatpickr/flatpickr.min.css]
[techzaa.in/techmin/layouts/assets/vendor/quill/quill.core.css]
[techzaa.in/techmin/layouts/assets/vendor/quill/quill.snow.css]
[techzaa.in/techmin/layouts/assets/vendor/quill/quill.bubble.css]
[techzaa.in/techmin/layouts/assets/vendor/cropper/cropper.min.css]
[techzaa.in/techmin/layouts/cropped.html]
[techzaa.in/techmin/layouts/assets/vendor/x-editable/bootstrap-editable.html]
[techzaa.in/techmin/layouts/assets/vendor/datatables.net-bs5/css/dataTables.bootstrap5.min.css]
[techzaa.in/techmin/layouts/assets/vendor/datatables.net-responsive-bs5/css/responsive.bootstrap5.min.css]
[techzaa.in/techmin/layouts/assets/vendor/datatables.net-fixedcolumns-bs5/css/fixedColumns.bootstrap5.min.css]
[techzaa.in/techmin/layouts/assets/vendor/datatables.net-fixedheader-bs5/css/fixedHeader.bootstrap5.min.css]
[techzaa.in/techmin/layouts/assets/vendor/datatables.net-buttons-bs5/css/buttons.bootstrap5.min.css]
[techzaa.in/techmin/layouts/assets/vendor/datatables.net-select-bs5/css/select.bootstrap5.min.css]
[techzaa.in/techmin/assets/vendor/admin-resources/rwd-table/rwd-table.min.html]
[techzaa.in/techmin/assets/vendor/admin-resources/rwd-table/rwd-table.min-2.html]
