[backblue.gif]
[fade.gif]
[index.html]
[storage.googleapis.com/theme-vessel-items/checking-sites-2/wain-html/HTML/main/assets/img/favicon.ico]
[storage.googleapis.com/theme-vessel-items/checking-sites-2/wain-html/HTML/main/assets/img/logos/black-logo.png]
[storage.googleapis.com/theme-vessel-items/checking-sites-2/wain-html/HTML/main/assets/img/banner-1.jpg]
[storage.googleapis.com/theme-vessel-items/checking-sites-2/wain-html/HTML/main/assets/img/banner-2.jpg]
[storage.googleapis.com/theme-vessel-items/checking-sites-2/wain-html/HTML/main/assets/img/banner-3.jpg]
[storage.googleapis.com/theme-vessel-items/checking-sites-2/wain-html/HTML/main/assets/img/welcome.jpg]
[storage.googleapis.com/theme-vessel-items/checking-sites-2/wain-html/HTML/main/assets/img/welcome-2.jpg]
[storage.googleapis.com/theme-vessel-items/checking-sites-2/wain-html/HTML/main/assets/img/welcome-3.jpg]
[storage.googleapis.com/theme-vessel-items/checking-sites-2/wain-html/HTML/main/assets/img/car-1.jpg]
[storage.googleapis.com/theme-vessel-items/checking-sites-2/wain-html/HTML/main/assets/img/car-6.jpg]
[storage.googleapis.com/theme-vessel-items/checking-sites-2/wain-html/HTML/main/assets/img/car-4.jpg]
[storage.googleapis.com/theme-vessel-items/checking-sites-2/wain-html/HTML/main/assets/img/car-5.jpg]
[storage.googleapis.com/theme-vessel-items/checking-sites-2/wain-html/HTML/main/assets/img/car-3.jpg]
[storage.googleapis.com/theme-vessel-items/checking-sites-2/wain-html/HTML/main/assets/img/avatar/avatar-2.jpg]
[storage.googleapis.com/theme-vessel-items/checking-sites-2/wain-html/HTML/main/assets/img/avatar/avatar.jpg]
[storage.googleapis.com/theme-vessel-items/checking-sites-2/wain-html/HTML/main/assets/img/avatar/avatar-3.jpg]
[storage.googleapis.com/theme-vessel-items/checking-sites-2/wain-html/HTML/main/assets/img/blog/blog-2.jpg]
[storage.googleapis.com/theme-vessel-items/checking-sites-2/wain-html/HTML/main/assets/img/blog/blog.jpg]
[storage.googleapis.com/theme-vessel-items/checking-sites-2/wain-html/HTML/main/assets/img/blog/blog-3.jpg]
[storage.googleapis.com/theme-vessel-items/checking-sites-2/wain-html/HTML/main/assets/img/brands/brand-1.png]
[storage.googleapis.com/theme-vessel-items/checking-sites-2/wain-html/HTML/main/assets/img/brands/brand-2.png]
[storage.googleapis.com/theme-vessel-items/checking-sites-2/wain-html/HTML/main/assets/img/brands/brand-3.png]
[storage.googleapis.com/theme-vessel-items/checking-sites-2/wain-html/HTML/main/assets/img/brands/brand-4.png]
[storage.googleapis.com/theme-vessel-items/checking-sites-2/wain-html/HTML/main/assets/img/brands/brand-5.png]
[storage.googleapis.com/theme-vessel-items/checking-sites-2/wain-html/HTML/main/assets/img/sub-car/sub-car.jpg]
[storage.googleapis.com/theme-vessel-items/checking-sites-2/wain-html/HTML/main/assets/img/sub-car/sub-car-2.jpg]
[storage.googleapis.com/theme-vessel-items/checking-sites-2/wain-html/HTML/main/assets/img/sub-car/sub-car-3.jpg]
[storage.googleapis.com/theme-vessel-items/checking-sites-2/wain-html/HTML/main/assets/img/logos/logo.png]
[storage.googleapis.com/theme-vessel-items/checking-sites-2/wain-html/HTML/main/assets/js/jquery-2.2.0.min.js]
[storage.googleapis.com/theme-vessel-items/checking-sites-2/wain-html/HTML/main/assets/js/popper.min.js]
[storage.googleapis.com/theme-vessel-items/checking-sites-2/wain-html/HTML/main/assets/js/bootstrap.min.js]
[storage.googleapis.com/theme-vessel-items/checking-sites-2/wain-html/HTML/main/assets/js/jquery.selectBox.js]
[storage.googleapis.com/theme-vessel-items/checking-sites-2/wain-html/HTML/main/assets/js/rangeslider.js]
[storage.googleapis.com/theme-vessel-items/checking-sites-2/wain-html/HTML/main/assets/js/jquery.magnific-popup.min.js]
[storage.googleapis.com/theme-vessel-items/checking-sites-2/wain-html/HTML/main/assets/js/jquery.filterizr.js]
[storage.googleapis.com/theme-vessel-items/checking-sites-2/wain-html/HTML/main/assets/js/wow.min.js]
[storage.googleapis.com/theme-vessel-items/checking-sites-2/wain-html/HTML/main/assets/js/backstretch.js]
[storage.googleapis.com/theme-vessel-items/checking-sites-2/wain-html/HTML/main/assets/js/jquery.countdown.js]
[storage.googleapis.com/theme-vessel-items/checking-sites-2/wain-html/HTML/main/assets/js/jquery.scrollUp.js]
[storage.googleapis.com/theme-vessel-items/checking-sites-2/wain-html/HTML/main/assets/js/particles.min.js]
[storage.googleapis.com/theme-vessel-items/checking-sites-2/wain-html/HTML/main/assets/js/typed.min.js]
[storage.googleapis.com/theme-vessel-items/checking-sites-2/wain-html/HTML/main/assets/js/dropzone.js]
[storage.googleapis.com/theme-vessel-items/checking-sites-2/wain-html/HTML/main/assets/js/jquery.mb.YTPlayer.js]
[storage.googleapis.com/theme-vessel-items/checking-sites-2/wain-html/HTML/main/assets/js/slick.min.js]
[storage.googleapis.com/theme-vessel-items/checking-sites-2/wain-html/HTML/main/assets/js/jquery.mCustomScrollbar.concat.min.js]
[storage.googleapis.com/theme-vessel-items/checking-sites-2/wain-html/HTML/main/assets/js/ie-emulation-modes-warning.js]
[storage.googleapis.com/theme-vessel-items/checking-sites-2/wain-html/HTML/main/assets/js/app.js]
[storage.googleapis.com/theme-vessel-items/checking-sites-2/wain-html/HTML/main/index.html]
[www.googletagmanager.com/gtm5445.html]
[storage.googleapis.com/theme-vessel-items/checking-sites-2/wain-html/HTML/main/assets/css/bootstrap.min.css]
[storage.googleapis.com/theme-vessel-items/checking-sites-2/wain-html/HTML/main/assets/css/magnific-popup.css]
[storage.googleapis.com/theme-vessel-items/checking-sites-2/wain-html/HTML/main/assets/css/jquery.selectBox.css]
[storage.googleapis.com/theme-vessel-items/checking-sites-2/wain-html/HTML/main/assets/css/dropzone.css]
[storage.googleapis.com/theme-vessel-items/checking-sites-2/wain-html/HTML/main/assets/css/rangeslider.css]
[storage.googleapis.com/theme-vessel-items/checking-sites-2/wain-html/HTML/main/assets/css/animate.min.css]
[storage.googleapis.com/theme-vessel-items/checking-sites-2/wain-html/HTML/main/assets/css/slick.css]
[storage.googleapis.com/theme-vessel-items/checking-sites-2/wain-html/HTML/main/assets/css/jquery.mCustomScrollbar.css]
[storage.googleapis.com/theme-vessel-items/checking-sites-2/wain-html/HTML/main/assets/fonts/font-awesome/fonts/fontawesome-webfont3e6e.eot]
[storage.googleapis.com/theme-vessel-items/checking-sites-2/wain-html/HTML/main/assets/fonts/font-awesome/fonts/fontawesome-webfontd41d.eot]
[storage.googleapis.com/theme-vessel-items/checking-sites-2/wain-html/HTML/main/assets/fonts/font-awesome/fonts/fontawesome-webfont3e6e.woff2]
[storage.googleapis.com/theme-vessel-items/checking-sites-2/wain-html/HTML/main/assets/fonts/font-awesome/fonts/fontawesome-webfont3e6e.woff]
[storage.googleapis.com/theme-vessel-items/checking-sites-2/wain-html/HTML/main/assets/fonts/font-awesome/fonts/fontawesome-webfont3e6e.ttf]
[storage.googleapis.com/theme-vessel-items/checking-sites-2/wain-html/HTML/main/assets/fonts/font-awesome/css/font-awesome.min.css]
[storage.googleapis.com/theme-vessel-items/checking-sites-2/wain-html/HTML/main/assets/fonts/flaticon/font/Flaticon.eot]
[storage.googleapis.com/theme-vessel-items/checking-sites-2/wain-html/HTML/main/assets/fonts/flaticon/font/Flaticond41d.eot]
[storage.googleapis.com/theme-vessel-items/checking-sites-2/wain-html/HTML/main/assets/fonts/flaticon/font/Flaticon.woff]
[storage.googleapis.com/theme-vessel-items/checking-sites-2/wain-html/HTML/main/assets/fonts/flaticon/font/Flaticon.ttf]
[storage.googleapis.com/theme-vessel-items/checking-sites-2/wain-html/HTML/main/assets/fonts/flaticon/font/flaticon.css]
[storage.googleapis.com/theme-vessel-items/checking-sites-2/wain-html/HTML/main/assets/img/loader.gif]
[storage.googleapis.com/theme-vessel-items/checking-sites-2/wain-html/HTML/main/assets/img/sell-car.jpg]
[storage.googleapis.com/theme-vessel-items/checking-sites-2/wain-html/HTML/main/assets/css/style.css]
[storage.googleapis.com/theme-vessel-items/checking-sites-2/wain-html/HTML/main/assets/css/skins/default.css]
[storage.googleapis.com/theme-vessel-items/checking-sites-2/wain-html/HTML/main/assets/img/welcome-7.jpg]
[storage.googleapis.com/theme-vessel-items/checking-sites-2/wain-html/HTML/main/assets/img/car-2.jpg]
[storage.googleapis.com/theme-vessel-items/checking-sites-2/wain-html/HTML/main/assets/img/testimonial.jpg]
[storage.googleapis.com/theme-vessel-items/checking-sites-2/wain-html/HTML/main/assets/img/blog/blog-6.jpg]
[storage.googleapis.com/theme-vessel-items/checking-sites-2/wain-html/HTML/main/assets/img/blog/blog-5.jpg]
[storage.googleapis.com/theme-vessel-items/checking-sites-2/wain-html/HTML/main/assets/img/logos/logo-white.png]
[storage.googleapis.com/theme-vessel-items/checking-sites-2/wain-html/HTML/main/index-2.html]
[storage.googleapis.com/theme-vessel-items/checking-sites-2/wain-html/HTML/main/assets/img/welcome-4.png]
[storage.googleapis.com/theme-vessel-items/checking-sites-2/wain-html/HTML/main/assets/img/welcome-5.png]
[storage.googleapis.com/theme-vessel-items/checking-sites-2/wain-html/HTML/main/assets/img/welcome-6.png]
[storage.googleapis.com/theme-vessel-items/checking-sites-2/wain-html/HTML/main/assets/img/car-list-1.jpg]
[storage.googleapis.com/theme-vessel-items/checking-sites-2/wain-html/HTML/main/assets/img/car-list-2.jpg]
[storage.googleapis.com/theme-vessel-items/checking-sites-2/wain-html/HTML/main/assets/img/car-list-3.jpg]
[storage.googleapis.com/theme-vessel-items/checking-sites-2/wain-html/HTML/main/assets/img/latest-car/latest-car-3.jpg]
[storage.googleapis.com/theme-vessel-items/checking-sites-2/wain-html/HTML/main/assets/img/latest-car/latest-car-2.jpg]
[storage.googleapis.com/theme-vessel-items/checking-sites-2/wain-html/HTML/main/assets/img/latest-car/latest-car-4.jpg]
[storage.googleapis.com/theme-vessel-items/checking-sites-2/wain-html/HTML/main/assets/img/latest-car/latest-car.jpg]
[storage.googleapis.com/theme-vessel-items/checking-sites-2/wain-html/HTML/main/assets/img/avatar/avatar-9.jpg]
[storage.googleapis.com/theme-vessel-items/checking-sites-2/wain-html/HTML/main/assets/img/avatar/avatar-10.jpg]
[storage.googleapis.com/theme-vessel-items/checking-sites-2/wain-html/HTML/main/index-3.html]
[storage.googleapis.com/theme-vessel-items/checking-sites-2/wain-html/HTML/main/index-4.html]
[storage.googleapis.com/theme-vessel-items/checking-sites-2/wain-html/HTML/main/assets/img/avatar/avatar-5.jpg]
[storage.googleapis.com/theme-vessel-items/checking-sites-2/wain-html/HTML/main/assets/img/avatar/avatar-6.jpg]
[storage.googleapis.com/theme-vessel-items/checking-sites-2/wain-html/HTML/main/assets/img/avatar/avatar-7.jpg]
[storage.googleapis.com/theme-vessel-items/checking-sites-2/wain-html/HTML/main/assets/img/avatar/avatar-8.jpg]
[storage.googleapis.com/theme-vessel-items/checking-sites-2/wain-html/HTML/main/index-5.html]
[storage.googleapis.com/theme-vessel-items/checking-sites-2/wain-html/HTML/main/index-6.html]
[storage.googleapis.com/theme-vessel-items/checking-sites-2/wain-html/HTML/main/index-7.html]
[storage.googleapis.com/theme-vessel-items/checking-sites-2/wain-html/HTML/main/car-list-rightside.html]
[storage.googleapis.com/theme-vessel-items/checking-sites-2/wain-html/HTML/main/car-list-leftside.html]
[storage.googleapis.com/theme-vessel-items/checking-sites-2/wain-html/HTML/main/car-list-fullwidth.html]
[storage.googleapis.com/theme-vessel-items/checking-sites-2/wain-html/HTML/main/car-grid-rightside.html]
[storage.googleapis.com/theme-vessel-items/checking-sites-2/wain-html/HTML/main/car-grid-leftside.html]
[storage.googleapis.com/theme-vessel-items/checking-sites-2/wain-html/HTML/main/car-grid-fullwidth.html]
[storage.googleapis.com/theme-vessel-items/checking-sites-2/wain-html/HTML/main/car-details.html]
[storage.googleapis.com/theme-vessel-items/checking-sites-2/wain-html/HTML/main/assets/img/avatar/avatar-13.jpg]
[storage.googleapis.com/theme-vessel-items/checking-sites-2/wain-html/HTML/main/car-details-2.html]
[storage.googleapis.com/theme-vessel-items/checking-sites-2/wain-html/HTML/main/assets/img/admin.png]
[storage.googleapis.com/theme-vessel-items/checking-sites-2/wain-html/HTML/main/about-1.html]
[storage.googleapis.com/theme-vessel-items/checking-sites-2/wain-html/HTML/main/about-2.html]
[storage.googleapis.com/theme-vessel-items/checking-sites-2/wain-html/HTML/main/car-comparison.html]
[storage.googleapis.com/theme-vessel-items/checking-sites-2/wain-html/HTML/main/search-brand.html]
[storage.googleapis.com/theme-vessel-items/checking-sites-2/wain-html/HTML/main/assets/img/service-photo/service.jpg]
[storage.googleapis.com/theme-vessel-items/checking-sites-2/wain-html/HTML/main/assets/img/service-photo/service-2.jpg]
[storage.googleapis.com/theme-vessel-items/checking-sites-2/wain-html/HTML/main/assets/img/service-photo/service-3.jpg]
[storage.googleapis.com/theme-vessel-items/checking-sites-2/wain-html/HTML/main/assets/img/service-photo/service-4.jpg]
[storage.googleapis.com/theme-vessel-items/checking-sites-2/wain-html/HTML/main/services-1.html]
[storage.googleapis.com/theme-vessel-items/checking-sites-2/wain-html/HTML/main/services-2.html]
[storage.googleapis.com/theme-vessel-items/checking-sites-2/wain-html/HTML/main/coming-soon.html]
[storage.googleapis.com/theme-vessel-items/checking-sites-2/wain-html/HTML/main/agent-list.html]
[storage.googleapis.com/theme-vessel-items/checking-sites-2/wain-html/HTML/main/agent-list-2.html]
[storage.googleapis.com/theme-vessel-items/checking-sites-2/wain-html/HTML/main/agent-grid.html]
[storage.googleapis.com/theme-vessel-items/checking-sites-2/wain-html/HTML/main/agent-grid-2.html]
[storage.googleapis.com/theme-vessel-items/checking-sites-2/wain-html/HTML/main/agent-grid-3.html]
[storage.googleapis.com/theme-vessel-items/checking-sites-2/wain-html/HTML/main/agent-detail.html]
[storage.googleapis.com/theme-vessel-items/checking-sites-2/wain-html/HTML/main/typography.html]
[storage.googleapis.com/theme-vessel-items/checking-sites-2/wain-html/HTML/main/pricing-tables-1.html]
[storage.googleapis.com/theme-vessel-items/checking-sites-2/wain-html/HTML/main/pricing-tables-2.html]
[storage.googleapis.com/theme-vessel-items/checking-sites-2/wain-html/HTML/main/pricing-tables-3.html]
[storage.googleapis.com/theme-vessel-items/checking-sites-2/wain-html/HTML/main/gallery-2column.html]
[storage.googleapis.com/theme-vessel-items/checking-sites-2/wain-html/HTML/main/gallery-3column.html]
[storage.googleapis.com/theme-vessel-items/checking-sites-2/wain-html/HTML/main/gallery-4column.html]
[storage.googleapis.com/theme-vessel-items/checking-sites-2/wain-html/HTML/main/typography-2.html]
[storage.googleapis.com/theme-vessel-items/checking-sites-2/wain-html/HTML/main/faq-1.html]
[storage.googleapis.com/theme-vessel-items/checking-sites-2/wain-html/HTML/main/faq-2.html]
[storage.googleapis.com/theme-vessel-items/checking-sites-2/wain-html/HTML/main/pages-404.html]
[storage.googleapis.com/theme-vessel-items/checking-sites-2/wain-html/HTML/main/login.html]
[storage.googleapis.com/theme-vessel-items/checking-sites-2/wain-html/HTML/main/forgot-password.html]
[storage.googleapis.com/theme-vessel-items/checking-sites-2/wain-html/HTML/main/register.html]
[storage.googleapis.com/theme-vessel-items/checking-sites-2/wain-html/HTML/main/blog-classic-sidebar-right.html]
[storage.googleapis.com/theme-vessel-items/checking-sites-2/wain-html/HTML/main/blog-classic-sidebar-left.html]
[storage.googleapis.com/theme-vessel-items/checking-sites-2/wain-html/HTML/main/assets/img/blog/blog-4.jpg]
[storage.googleapis.com/theme-vessel-items/checking-sites-2/wain-html/HTML/main/blog-classic-fullwidth.html]
[storage.googleapis.com/theme-vessel-items/checking-sites-2/wain-html/HTML/main/blog-columns-2col.html]
[storage.googleapis.com/theme-vessel-items/checking-sites-2/wain-html/HTML/main/blog-columns-3col.html]
[storage.googleapis.com/theme-vessel-items/checking-sites-2/wain-html/HTML/main/assets/img/blog/blog-7.jpg]
[storage.googleapis.com/theme-vessel-items/checking-sites-2/wain-html/HTML/main/blog-masonry-2col.html]
[storage.googleapis.com/theme-vessel-items/checking-sites-2/wain-html/HTML/main/blog-masonry-3col.html]
[storage.googleapis.com/theme-vessel-items/checking-sites-2/wain-html/HTML/main/blog-single-sidebar-right.html]
[storage.googleapis.com/theme-vessel-items/checking-sites-2/wain-html/HTML/main/blog-single-sidebar-left.html]
[storage.googleapis.com/theme-vessel-items/checking-sites-2/wain-html/HTML/main/blog-single-fullwidth.html]
[storage.googleapis.com/theme-vessel-items/checking-sites-2/wain-html/HTML/main/assets/img/shop/shop-2.jpg]
[storage.googleapis.com/theme-vessel-items/checking-sites-2/wain-html/HTML/main/assets/img/shop/shop-3.jpg]
[storage.googleapis.com/theme-vessel-items/checking-sites-2/wain-html/HTML/main/assets/img/shop/shop-4.jpg]
[storage.googleapis.com/theme-vessel-items/checking-sites-2/wain-html/HTML/main/assets/img/shop/shop-1.jpg]
[storage.googleapis.com/theme-vessel-items/checking-sites-2/wain-html/HTML/main/shop-list.html]
[storage.googleapis.com/theme-vessel-items/checking-sites-2/wain-html/HTML/main/assets/img/shop/shop-5.jpg]
[storage.googleapis.com/theme-vessel-items/checking-sites-2/wain-html/HTML/main/shop-cart.html]
[storage.googleapis.com/theme-vessel-items/checking-sites-2/wain-html/HTML/main/shop-checkout.html]
[storage.googleapis.com/theme-vessel-items/checking-sites-2/wain-html/HTML/main/shop-single.html]
[storage.googleapis.com/theme-vessel-items/checking-sites-2/wain-html/HTML/main/contact-1.html]
[storage.googleapis.com/theme-vessel-items/checking-sites-2/wain-html/HTML/main/contact-2.html]
[storage.googleapis.com/theme-vessel-items/checking-sites-2/wain-html/HTML/main/contact-3.html]
[storage.googleapis.com/theme-vessel-items/checking-sites-2/wain-html/HTML/main/assets/images/spritemap.png]
[storage.googleapis.com/theme-vessel-items/checking-sites-2/wain-html/HTML/main/assets/images/spritemap@2x.png]
[storage.googleapis.com/theme-vessel-items/checking-sites-2/wain-html/HTML/main/assets/css/mCSB_buttons.png]
[storage.googleapis.com/theme-vessel-items/checking-sites-2/wain-html/HTML/main/assets/fonts/font-awesome/fonts/fontawesome-webfont3e6e.svg]
[storage.googleapis.com/theme-vessel-items/checking-sites-2/wain-html/HTML/main/assets/fonts/flaticon/font/Flaticon.svg]
